[Tue Jun 23 01:41:08 2026] [INFO] Thread 1 Message 1
[Tue Jun 23 01:41:08 2026] [INFO] Thread 1 Message 2
[Tue Jun 23 01:41:08 2026] [INFO] Thread 1 Message 3
[Tue Jun 23 01:41:08 2026] [INFO] Thread 1 Message 4
[Tue Jun 23 01:41:08 2026] [INFO] Thread 1 Message 5
[Tue Jun 23 01:41:08 2026] [INFO] Thread 4 Message 1
[Tue Jun 23 01:41:08 2026] [INFO] Thread 4 Message 2
[Tue Jun 23 01:41:08 2026] [INFO] Thread 4 Message 3
[Tue Jun 23 01:41:08 2026] [INFO] Thread 4 Message 4
[Tue Jun 23 01:41:08 2026] [INFO] Thread 4 Message 5
[Tue Jun 23 01:41:08 2026] [INFO] Thread 3 Message 1
[Tue Jun 23 01:41:08 2026] [INFO] Thread 3 Message 2
[Tue Jun 23 01:41:08 2026] [INFO] Thread 3 Message 3
[Tue Jun 23 01:41:08 2026] [INFO] Thread 3 Message 4
[Tue Jun 23 01:41:08 2026] [INFO] Thread 3 Message 5
[Tue Jun 23 01:41:08 2026] [INFO] Thread 2 Message 1
[Tue Jun 23 01:41:08 2026] [INFO] Thread 2 Message 2
[Tue Jun 23 01:41:08 2026] [INFO] Thread 2 Message 3
[Tue Jun 23 01:41:08 2026] [INFO] Thread 2 Message 4
[Tue Jun 23 01:41:08 2026] [INFO] Thread 2 Message 5
[Tue Jun 23 01:41:08 2026] [INFO] Thread 5 Message 1
[Tue Jun 23 01:41:08 2026] [INFO] Thread 5 Message 2
[Tue Jun 23 01:41:08 2026] [INFO] Thread 5 Message 3
[Tue Jun 23 01:41:08 2026] [INFO] Thread 5 Message 4
[Tue Jun 23 01:41:08 2026] [INFO] Thread 5 Message 5
[Tue Jun 23 01:41:09 2026] [ERROR] Database Connection Failed
[Tue Jun 23 01:41:09 2026] [FATAL] System Crash
[Thu Jun 25 02:26:34 2026] [INFO] Thread 1 Message 1
[Thu Jun 25 02:26:34 2026] [INFO] Thread 1 Message 2
[Thu Jun 25 02:26:34 2026] [INFO] Thread 1 Message 3
[Thu Jun 25 02:26:34 2026] [INFO] Thread 1 Message 4
[Thu Jun 25 02:26:34 2026] [INFO] Thread 1 Message 5
[Thu Jun 25 02:26:34 2026] [INFO] Thread 3 Message 1
[Thu Jun 25 02:26:34 2026] [INFO] Thread 3 Message 2
[Thu Jun 25 02:26:34 2026] [INFO] Thread 3 Message 3
[Thu Jun 25 02:26:34 2026] [INFO] Thread 3 Message 4
[Thu Jun 25 02:26:34 2026] [INFO] Thread 3 Message 5
[Thu Jun 25 02:26:34 2026] [INFO] Thread 4 Message 1
[Thu Jun 25 02:26:34 2026] [INFO] Thread 4 Message 2
[Thu Jun 25 02:26:34 2026] [INFO] Thread 4 Message 3
[Thu Jun 25 02:26:34 2026] [INFO] Thread 4 Message 4
[Thu Jun 25 02:26:34 2026] [INFO] Thread 4 Message 5
[Thu Jun 25 02:26:34 2026] [INFO] Thread 5 Message 1
[Thu Jun 25 02:26:34 2026] [INFO] Thread 5 Message 2
[Thu Jun 25 02:26:34 2026] [INFO] Thread 5 Message 3
[Thu Jun 25 02:26:34 2026] [INFO] Thread 5 Message 4
[Thu Jun 25 02:26:34 2026] [INFO] Thread 5 Message 5
[Thu Jun 25 02:26:34 2026] [INFO] Thread 2 Message 1
[Thu Jun 25 02:26:34 2026] [INFO] Thread 2 Message 2
[Thu Jun 25 02:26:34 2026] [INFO] Thread 2 Message 3
[Thu Jun 25 02:26:34 2026] [INFO] Thread 2 Message 4
[Thu Jun 25 02:26:34 2026] [INFO] Thread 2 Message 5
[Thu Jun 25 02:26:35 2026] [ERROR] Database Connection Failed
[Thu Jun 25 02:26:35 2026] [FATAL] System Crash
[Thu Jun 25 02:28:07 2026] [INFO] Thread 1 Message 1
[Thu Jun 25 02:28:07 2026] [INFO] Thread 1 Message 2
[Thu Jun 25 02:28:07 2026] [INFO] Thread 1 Message 3
[Thu Jun 25 02:28:07 2026] [INFO] Thread 1 Message 4
[Thu Jun 25 02:28:07 2026] [INFO] Thread 1 Message 5
[Thu Jun 25 02:28:07 2026] [INFO] Thread 2 Message 1
[Thu Jun 25 02:28:07 2026] [INFO] Thread 2 Message 2
[Thu Jun 25 02:28:07 2026] [INFO] Thread 2 Message 3
[Thu Jun 25 02:28:07 2026] [INFO] Thread 2 Message 4
[Thu Jun 25 02:28:07 2026] [INFO] Thread 2 Message 5
[Thu Jun 25 02:28:07 2026] [INFO] Thread 3 Message 1
[Thu Jun 25 02:28:07 2026] [INFO] Thread 3 Message 2
[Thu Jun 25 02:28:07 2026] [INFO] Thread 3 Message 3
[Thu Jun 25 02:28:07 2026] [INFO] Thread 3 Message 4
[Thu Jun 25 02:28:07 2026] [INFO] Thread 3 Message 5
[Thu Jun 25 02:28:07 2026] [INFO] Thread 5 Message 1
[Thu Jun 25 02:28:07 2026] [INFO] Thread 5 Message 2
[Thu Jun 25 02:28:07 2026] [INFO] Thread 5 Message 3
[Thu Jun 25 02:28:07 2026] [INFO] Thread 5 Message 4
[Thu Jun 25 02:28:07 2026] [INFO] Thread 5 Message 5
[Thu Jun 25 02:28:07 2026] [INFO] Thread 4 Message 1
[Thu Jun 25 02:28:07 2026] [INFO] Thread 4 Message 2
[Thu Jun 25 02:28:07 2026] [INFO] Thread 4 Message 3
[Thu Jun 25 02:28:07 2026] [INFO] Thread 4 Message 4
[Thu Jun 25 02:28:07 2026] [INFO] Thread 4 Message 5
[Thu Jun 25 02:28:08 2026] [ERROR] Database Connection Failed
[Thu Jun 25 02:28:08 2026] [FATAL] System Crash
[Thu Jun 25 02:31:45 2026] [INFO] Thread 2 Message 1
[Thu Jun 25 02:31:45 2026] [INFO] Thread 2 Message 2
[Thu Jun 25 02:31:45 2026] [INFO] Thread 2 Message 3
[Thu Jun 25 02:31:45 2026] [INFO] Thread 2 Message 4
[Thu Jun 25 02:31:45 2026] [INFO] Thread 2 Message 5
[Thu Jun 25 02:31:45 2026] [INFO] Thread 1 Message 1
[Thu Jun 25 02:31:45 2026] [INFO] Thread 1 Message 2
[Thu Jun 25 02:31:45 2026] [INFO] Thread 1 Message 3
[Thu Jun 25 02:31:45 2026] [INFO] Thread 1 Message 4
[Thu Jun 25 02:31:45 2026] [INFO] Thread 1 Message 5
[Thu Jun 25 02:31:45 2026] [INFO] Thread 4 Message 1
[Thu Jun 25 02:31:45 2026] [INFO] Thread 4 Message 2
[Thu Jun 25 02:31:45 2026] [INFO] Thread 4 Message 3
[Thu Jun 25 02:31:45 2026] [INFO] Thread 4 Message 4
[Thu Jun 25 02:31:45 2026] [INFO] Thread 4 Message 5
[Thu Jun 25 02:31:45 2026] [INFO] Thread 3 Message 1
[Thu Jun 25 02:31:45 2026] [INFO] Thread 3 Message 2
[Thu Jun 25 02:31:45 2026] [INFO] Thread 3 Message 3
[Thu Jun 25 02:31:45 2026] [INFO] Thread 3 Message 4
[Thu Jun 25 02:31:45 2026] [INFO] Thread 3 Message 5
[Thu Jun 25 02:31:45 2026] [INFO] Thread 5 Message 1
[Thu Jun 25 02:31:45 2026] [INFO] Thread 5 Message 2
[Thu Jun 25 02:31:45 2026] [INFO] Thread 5 Message 3
[Thu Jun 25 02:31:45 2026] [INFO] Thread 5 Message 4
[Thu Jun 25 02:31:45 2026] [INFO] Thread 5 Message 5
[Thu Jun 25 02:31:46 2026] [ERROR] Database Connection Failed
[Thu Jun 25 02:31:46 2026] [FATAL] System Crash
[Thu Jun 25 02:32:23 2026] [INFO] Thread 1 Message 1
[Thu Jun 25 02:32:23 2026] [INFO] Thread 1 Message 2
[Thu Jun 25 02:32:23 2026] [INFO] Thread 1 Message 3
[Thu Jun 25 02:32:23 2026] [INFO] Thread 1 Message 4
[Thu Jun 25 02:32:23 2026] [INFO] Thread 1 Message 5
[Thu Jun 25 02:32:23 2026] [INFO] Thread 4 Message 1
[Thu Jun 25 02:32:23 2026] [INFO] Thread 4 Message 2
[Thu Jun 25 02:32:23 2026] [INFO] Thread 4 Message 3
[Thu Jun 25 02:32:23 2026] [INFO] Thread 4 Message 4
[Thu Jun 25 02:32:23 2026] [INFO] Thread 4 Message 5
[Thu Jun 25 02:32:23 2026] [INFO] Thread 5 Message 1
[Thu Jun 25 02:32:23 2026] [INFO] Thread 5 Message 2
[Thu Jun 25 02:32:23 2026] [INFO] Thread 5 Message 3
[Thu Jun 25 02:32:23 2026] [INFO] Thread 5 Message 4
[Thu Jun 25 02:32:23 2026] [INFO] Thread 5 Message 5
[Thu Jun 25 02:32:23 2026] [INFO] Thread 3 Message 1
[Thu Jun 25 02:32:23 2026] [INFO] Thread 3 Message 2
[Thu Jun 25 02:32:23 2026] [INFO] Thread 3 Message 3
[Thu Jun 25 02:32:23 2026] [INFO] Thread 3 Message 4
[Thu Jun 25 02:32:23 2026] [INFO] Thread 3 Message 5
[Thu Jun 25 02:32:23 2026] [INFO] Thread 2 Message 1
[Thu Jun 25 02:32:23 2026] [INFO] Thread 2 Message 2
[Thu Jun 25 02:32:23 2026] [INFO] Thread 2 Message 3
[Thu Jun 25 02:32:23 2026] [INFO] Thread 2 Message 4
[Thu Jun 25 02:32:23 2026] [INFO] Thread 2 Message 5
[Thu Jun 25 02:32:24 2026] [ERROR] Database Connection Failed
[Thu Jun 25 02:32:24 2026] [FATAL] System Crash
